// Jest Snapshot v1, https://goo.gl/fbAQLP

exports[`WebFront Stack 1`] = `
Object {
  "Parameters": Object {
    "AssetParameters09d31c270f33b7eaecabfc35408efa81d40fadba8acb6c401c4cf5781ce3503bArtifactHash4419ABC2": Object {
      "Description": "Artifact hash for asset \\"09d31c270f33b7eaecabfc35408efa81d40fadba8acb6c401c4cf5781ce3503b\\"",
      "Type": "String",
    },
    "AssetParameters09d31c270f33b7eaecabfc35408efa81d40fadba8acb6c401c4cf5781ce3503bS3BucketB47148E2": Object {
      "Description": "S3 bucket for asset \\"09d31c270f33b7eaecabfc35408efa81d40fadba8acb6c401c4cf5781ce3503b\\"",
      "Type": "String",
    },
    "AssetParameters09d31c270f33b7eaecabfc35408efa81d40fadba8acb6c401c4cf5781ce3503bS3VersionKey8ED71377": Object {
      "Description": "S3 key for asset version \\"09d31c270f33b7eaecabfc35408efa81d40fadba8acb6c401c4cf5781ce3503b\\"",
      "Type": "String",
    },
    "AssetParameters3c3ed777478fe845fb5950df5e26461242b39cf220f00e0683aab244d9d7c0f7ArtifactHash8926088E": Object {
      "Description": "Artifact hash for asset \\"3c3ed777478fe845fb5950df5e26461242b39cf220f00e0683aab244d9d7c0f7\\"",
      "Type": "String",
    },
    "AssetParameters3c3ed777478fe845fb5950df5e26461242b39cf220f00e0683aab244d9d7c0f7S3Bucket28CE5152": Object {
      "Description": "S3 bucket for asset \\"3c3ed777478fe845fb5950df5e26461242b39cf220f00e0683aab244d9d7c0f7\\"",
      "Type": "String",
    },
    "AssetParameters3c3ed777478fe845fb5950df5e26461242b39cf220f00e0683aab244d9d7c0f7S3VersionKeyAF6E05ED": Object {
      "Description": "S3 key for asset version \\"3c3ed777478fe845fb5950df5e26461242b39cf220f00e0683aab244d9d7c0f7\\"",
      "Type": "String",
    },
    "AssetParameterse9882ab123687399f934da0d45effe675ecc8ce13b40cb946f3e1d6141fe8d68ArtifactHashD9A515C3": Object {
      "Description": "Artifact hash for asset \\"e9882ab123687399f934da0d45effe675ecc8ce13b40cb946f3e1d6141fe8d68\\"",
      "Type": "String",
    },
    "AssetParameterse9882ab123687399f934da0d45effe675ecc8ce13b40cb946f3e1d6141fe8d68S3BucketAEADE8C7": Object {
      "Description": "S3 bucket for asset \\"e9882ab123687399f934da0d45effe675ecc8ce13b40cb946f3e1d6141fe8d68\\"",
      "Type": "String",
    },
    "AssetParameterse9882ab123687399f934da0d45effe675ecc8ce13b40cb946f3e1d6141fe8d68S3VersionKeyE415415F": Object {
      "Description": "S3 key for asset version \\"e9882ab123687399f934da0d45effe675ecc8ce13b40cb946f3e1d6141fe8d68\\"",
      "Type": "String",
    },
  },
  "Resources": Object {
    "Bucket83908E77": Object {
      "DeletionPolicy": "Delete",
      "Properties": Object {
        "BucketEncryption": Object {
          "ServerSideEncryptionConfiguration": Array [
            Object {
              "ServerSideEncryptionByDefault": Object {
                "SSEAlgorithm": "AES256",
              },
            },
          ],
        },
      },
      "Type": "AWS::S3::Bucket",
      "UpdateReplacePolicy": "Delete",
    },
    "BucketDeploymentAwsCliLayerB018DCE1": Object {
      "Properties": Object {
        "Content": Object {
          "S3Bucket": Object {
            "Ref": "AssetParameterse9882ab123687399f934da0d45effe675ecc8ce13b40cb946f3e1d6141fe8d68S3BucketAEADE8C7",
          },
          "S3Key": Object {
            "Fn::Join": Array [
              "",
              Array [
                Object {
                  "Fn::Select": Array [
                    0,
                    Object {
                      "Fn::Split": Array [
                        "||",
                        Object {
                          "Ref": "AssetParameterse9882ab123687399f934da0d45effe675ecc8ce13b40cb946f3e1d6141fe8d68S3VersionKeyE415415F",
                        },
                      ],
                    },
                  ],
                },
                Object {
                  "Fn::Select": Array [
                    1,
                    Object {
                      "Fn::Split": Array [
                        "||",
                        Object {
                          "Ref": "AssetParameterse9882ab123687399f934da0d45effe675ecc8ce13b40cb946f3e1d6141fe8d68S3VersionKeyE415415F",
                        },
                      ],
                    },
                  ],
                },
              ],
            ],
          },
        },
        "Description": "/opt/awscli/aws",
      },
      "Type": "AWS::Lambda::LayerVersion",
    },
    "BucketDeploymentCustomResourceCB7E2133": Object {
      "DeletionPolicy": "Delete",
      "Properties": Object {
        "DestinationBucketName": Object {
          "Ref": "Bucket83908E77",
        },
        "Prune": true,
        "ServiceToken": Object {
          "Fn::GetAtt": Array [
            "CustomCDKBucketDeployment8693BB64968944B69AAFB0CC9EB8756C81C01536",
            "Arn",
          ],
        },
        "SourceBucketNames": Array [
          Object {
            "Ref": "AssetParameters09d31c270f33b7eaecabfc35408efa81d40fadba8acb6c401c4cf5781ce3503bS3BucketB47148E2",
          },
        ],
        "SourceObjectKeys": Array [
          Object {
            "Fn::Join": Array [
              "",
              Array [
                Object {
                  "Fn::Select": Array [
                    0,
                    Object {
                      "Fn::Split": Array [
                        "||",
                        Object {
                          "Ref": "AssetParameters09d31c270f33b7eaecabfc35408efa81d40fadba8acb6c401c4cf5781ce3503bS3VersionKey8ED71377",
                        },
                      ],
                    },
                  ],
                },
                Object {
                  "Fn::Select": Array [
                    1,
                    Object {
                      "Fn::Split": Array [
                        "||",
                        Object {
                          "Ref": "AssetParameters09d31c270f33b7eaecabfc35408efa81d40fadba8acb6c401c4cf5781ce3503bS3VersionKey8ED71377",
                        },
                      ],
                    },
                  ],
                },
              ],
            ],
          },
        ],
      },
      "Type": "Custom::CDKBucketDeployment",
      "UpdateReplacePolicy": "Delete",
    },
    "BucketPolicyE9A3008A": Object {
      "Properties": Object {
        "Bucket": Object {
          "Ref": "Bucket83908E77",
        },
        "PolicyDocument": Object {
          "Statement": Array [
            Object {
              "Action": "s3:*",
              "Condition": Object {
                "Bool": Object {
                  "aws:SecureTransport": "false",
                },
              },
              "Effect": "Deny",
              "Principal": "*",
              "Resource": Array [
                Object {
                  "Fn::GetAtt": Array [
                    "Bucket83908E77",
                    "Arn",
                  ],
                },
                Object {
                  "Fn::Join": Array [
                    "",
                    Array [
                      Object {
                        "Fn::GetAtt": Array [
                          "Bucket83908E77",
                          "Arn",
                        ],
                      },
                      "/*",
                    ],
                  ],
                },
              ],
              "Sid": "AllowSSLRequestsOnly",
            },
            Object {
              "Action": Array [
                "s3:GetObject*",
                "s3:GetBucket*",
                "s3:List*",
              ],
              "Effect": "Allow",
              "Principal": Object {
                "CanonicalUser": Object {
                  "Fn::GetAtt": Array [
                    "OriginAccessIdentityDF1E3CAC",
                    "S3CanonicalUserId",
                  ],
                },
              },
              "Resource": Array [
                Object {
                  "Fn::GetAtt": Array [
                    "Bucket83908E77",
                    "Arn",
                  ],
                },
                Object {
                  "Fn::Join": Array [
                    "",
                    Array [
                      Object {
                        "Fn::GetAtt": Array [
                          "Bucket83908E77",
                          "Arn",
                        ],
                      },
                      "/*",
                    ],
                  ],
                },
              ],
            },
          ],
          "Version": "2012-10-17",
        },
      },
      "Type": "AWS::S3::BucketPolicy",
    },
    "CustomCDKBucketDeployment8693BB64968944B69AAFB0CC9EB8756C81C01536": Object {
      "DependsOn": Array [
        "CustomCDKBucketDeployment8693BB64968944B69AAFB0CC9EB8756CServiceRoleDefaultPolicy88902FDF",
        "CustomCDKBucketDeployment8693BB64968944B69AAFB0CC9EB8756CServiceRole89A01265",
      ],
      "Properties": Object {
        "Code": Object {
          "S3Bucket": Object {
            "Ref": "AssetParameters3c3ed777478fe845fb5950df5e26461242b39cf220f00e0683aab244d9d7c0f7S3Bucket28CE5152",
          },
          "S3Key": Object {
            "Fn::Join": Array [
              "",
              Array [
                Object {
                  "Fn::Select": Array [
                    0,
                    Object {
                      "Fn::Split": Array [
                        "||",
                        Object {
                          "Ref": "AssetParameters3c3ed777478fe845fb5950df5e26461242b39cf220f00e0683aab244d9d7c0f7S3VersionKeyAF6E05ED",
                        },
                      ],
                    },
                  ],
                },
                Object {
                  "Fn::Select": Array [
                    1,
                    Object {
                      "Fn::Split": Array [
                        "||",
                        Object {
                          "Ref": "AssetParameters3c3ed777478fe845fb5950df5e26461242b39cf220f00e0683aab244d9d7c0f7S3VersionKeyAF6E05ED",
                        },
                      ],
                    },
                  ],
                },
              ],
            ],
          },
        },
        "Handler": "index.handler",
        "Layers": Array [
          Object {
            "Ref": "BucketDeploymentAwsCliLayerB018DCE1",
          },
        ],
        "Role": Object {
          "Fn::GetAtt": Array [
            "CustomCDKBucketDeployment8693BB64968944B69AAFB0CC9EB8756CServiceRole89A01265",
            "Arn",
          ],
        },
        "Runtime": "python3.6",
        "Timeout": 900,
      },
      "Type": "AWS::Lambda::Function",
    },
    "CustomCDKBucketDeployment8693BB64968944B69AAFB0CC9EB8756CServiceRole89A01265": Object {
      "Properties": Object {
        "AssumeRolePolicyDocument": Object {
          "Statement": Array [
            Object {
              "Action": "sts:AssumeRole",
              "Effect": "Allow",
              "Principal": Object {
                "Service": "lambda.amazonaws.com",
              },
            },
          ],
          "Version": "2012-10-17",
        },
        "ManagedPolicyArns": Array [
          Object {
            "Fn::Join": Array [
              "",
              Array [
                "arn:",
                Object {
                  "Ref": "AWS::Partition",
                },
                ":iam::aws:policy/service-role/AWSLambdaBasicExecutionRole",
              ],
            ],
          },
        ],
      },
      "Type": "AWS::IAM::Role",
    },
    "CustomCDKBucketDeployment8693BB64968944B69AAFB0CC9EB8756CServiceRoleDefaultPolicy88902FDF": Object {
      "Properties": Object {
        "PolicyDocument": Object {
          "Statement": Array [
            Object {
              "Action": Array [
                "s3:GetObject*",
                "s3:GetBucket*",
                "s3:List*",
              ],
              "Effect": "Allow",
              "Resource": Array [
                Object {
                  "Fn::Join": Array [
                    "",
                    Array [
                      "arn:",
                      Object {
                        "Ref": "AWS::Partition",
                      },
                      ":s3:::",
                      Object {
                        "Ref": "AssetParameters09d31c270f33b7eaecabfc35408efa81d40fadba8acb6c401c4cf5781ce3503bS3BucketB47148E2",
                      },
                    ],
                  ],
                },
                Object {
                  "Fn::Join": Array [
                    "",
                    Array [
                      "arn:",
                      Object {
                        "Ref": "AWS::Partition",
                      },
                      ":s3:::",
                      Object {
                        "Ref": "AssetParameters09d31c270f33b7eaecabfc35408efa81d40fadba8acb6c401c4cf5781ce3503bS3BucketB47148E2",
                      },
                      "/*",
                    ],
                  ],
                },
              ],
            },
            Object {
              "Action": Array [
                "s3:GetObject*",
                "s3:GetBucket*",
                "s3:List*",
                "s3:DeleteObject*",
                "s3:PutObject*",
                "s3:Abort*",
              ],
              "Effect": "Allow",
              "Resource": Array [
                Object {
                  "Fn::GetAtt": Array [
                    "Bucket83908E77",
                    "Arn",
                  ],
                },
                Object {
                  "Fn::Join": Array [
                    "",
                    Array [
                      Object {
                        "Fn::GetAtt": Array [
                          "Bucket83908E77",
                          "Arn",
                        ],
                      },
                      "/*",
                    ],
                  ],
                },
              ],
            },
          ],
          "Version": "2012-10-17",
        },
        "PolicyName": "CustomCDKBucketDeployment8693BB64968944B69AAFB0CC9EB8756CServiceRoleDefaultPolicy88902FDF",
        "Roles": Array [
          Object {
            "Ref": "CustomCDKBucketDeployment8693BB64968944B69AAFB0CC9EB8756CServiceRole89A01265",
          },
        ],
      },
      "Type": "AWS::IAM::Policy",
    },
    "DistributionCFDistribution882A7313": Object {
      "Properties": Object {
        "DistributionConfig": Object {
          "CacheBehaviors": Array [
            Object {
              "AllowedMethods": Array [
                "GET",
                "HEAD",
              ],
              "CachedMethods": Array [
                "GET",
                "HEAD",
              ],
              "Compress": true,
              "DefaultTTL": 0,
              "ForwardedValues": Object {
                "Cookies": Object {
                  "Forward": "none",
                },
                "QueryString": false,
              },
              "MaxTTL": 0,
              "MinTTL": 0,
              "PathPattern": "index.html",
              "TargetOriginId": "origin1",
              "ViewerProtocolPolicy": "redirect-to-https",
            },
          ],
          "CustomErrorResponses": Array [
            Object {
              "ErrorCachingMinTTL": 3,
              "ErrorCode": 404,
              "ResponseCode": 200,
              "ResponsePagePath": "/",
            },
          ],
          "DefaultCacheBehavior": Object {
            "AllowedMethods": Array [
              "GET",
              "HEAD",
            ],
            "CachedMethods": Array [
              "GET",
              "HEAD",
            ],
            "Compress": true,
            "ForwardedValues": Object {
              "Cookies": Object {
                "Forward": "none",
              },
              "QueryString": false,
            },
            "TargetOriginId": "origin1",
            "ViewerProtocolPolicy": "redirect-to-https",
          },
          "DefaultRootObject": "index.html",
          "Enabled": true,
          "HttpVersion": "http2",
          "IPV6Enabled": true,
          "Origins": Array [
            Object {
              "ConnectionAttempts": 3,
              "ConnectionTimeout": 10,
              "DomainName": Object {
                "Fn::GetAtt": Array [
                  "Bucket83908E77",
                  "RegionalDomainName",
                ],
              },
              "Id": "origin1",
              "S3OriginConfig": Object {
                "OriginAccessIdentity": Object {
                  "Fn::Join": Array [
                    "",
                    Array [
                      "origin-access-identity/cloudfront/",
                      Object {
                        "Ref": "OriginAccessIdentityDF1E3CAC",
                      },
                    ],
                  ],
                },
              },
            },
          ],
          "PriceClass": "PriceClass_100",
          "ViewerCertificate": Object {
            "CloudFrontDefaultCertificate": true,
          },
        },
      },
      "Type": "AWS::CloudFront::Distribution",
    },
    "OriginAccessIdentityDF1E3CAC": Object {
      "Properties": Object {
        "CloudFrontOriginAccessIdentityConfig": Object {
          "Comment": "Allows CloudFront to reach the bucket",
        },
      },
      "Type": "AWS::CloudFront::CloudFrontOriginAccessIdentity",
    },
  },
}
`;
